../Core/Src/main.c:87:5:main	8	static
../Core/Src/main.c:134:6:SystemClock_Config	80	static
../Core/Src/main.c:166:6:dsw_lsw_rl_gpio_init	8	static
../Core/Src/main.c:193:6:delay_ms	16	static
../Core/Src/main.c:199:6:adc_init	8	static
../Core/Src/main.c:215:10:ADC_READ	8	static
../Core/Src/main.c:222:6:motor_down	8	static
../Core/Src/main.c:230:6:motor_up	8	static
../Core/Src/main.c:238:6:motor_stop	8	static
../Core/Src/main.c:245:6:anti_pinch	8	static
../Core/Src/main.c:255:6:up_down	8	static
../Core/Src/main.c:319:5:CURRENT	16	static
../Core/Src/main.c:351:6:Error_Handler	8	static,ignoring_inline_asm
